export const Terminaloutput = [
  `CPU0 microcode updated early to revision 0x1b, date =${Date.now().toLocaleString()}`,
  "Initializing cgroup subsys cpuset",
  "Initializing cgroup subsys cpu",
  "Initializing cgroup subsys cpuacct",
  "Command line: BOOT_IMAGE=/vmlinuz-3.19.0-21-generic.efi.signed root=UUID=14ac372e-6980-4fe8-b247-fae92d54b0c5 ro quiet splash acpi_enforce_resources=lax intel_pstate=enable rcutree.rcu_idle_gp_delay=1 nouveau.runpm=0 vt.handoff=7",
  "KERNEL supported cpus:",
  "  Intel GenuineIntel",
  "  AMD AuthenticAMD",
  "  Centaur CentaurHauls",
  "e820: BIOS-provided physical RAM map:",
  "NX (Execute Disable) protection: active",
  "efi: EFI v2.31 by American Megatrends",
  "efi:  ACPI=0xca852000  ACPI 2.0=0xca852000  SMBIOS=0xca100398 ",
  "efi: mem00: [Conventional Memory|   |  |  |  |   |WB|WT|WC|UC] range=[0x0000000000000000-0x000000000005f000) (0MB)",
  "efi: mem01: [Boot Data          |   |  |  |  |   |WB|WT|WC|UC] range=[0x000000000005f000-0x0000000000060000) (0MB)",
  "efi: mem02: [Conventional Memory|   |  |  |  |   |WB|WT|WC|UC] range=[0x0000000000060000-0x000000000009e000) (0MB)",
  "efi: mem03: [Reserved           |   |  |  |  |   |WB|WT|WC|UC] range=[0x000000000009e000-0x00000000000a0000) (0MB)",
  "efi: mem04: [Conventional Memory|   |  |  |  |   |WB|WT|WC|UC] range=[0x0000000000100000-0x0000000001000000) (15MB)",
  "efi: mem05: [Loader Data        |   |  |  |  |   |WB|WT|WC|UC] range=[0x0000000001000000-0x00000000024e6000) (20MB)",
  "efi: mem06: [Conventional Memory|   |  |  |  |   |WB|WT|WC|UC] range=[0x00000000024e6000-0x0000000020000000) (475MB)",
  "efi: mem07: [Reserved           |   |  |  |  |   |WB|WT|WC|UC] range=[0x0000000020000000-0x0000000020200000) (2MB)",
  "efi: mem08: [Conventional Memory|   |  |  |  |   |WB|WT|WC|UC] range=[0x0000000020200000-0x00000000357f2000) (341MB)",
  "efi: mem09: [Loader Data        |   |  |  |  |   |WB|WT|WC|UC] range=[0x00000000357f2000-0x0000000036bf1000) (19MB)",
  "efi: mem10: [Conventional Memory|   |  |  |  |   |WB|WT|WC|UC] range=[0x0000000036bf1000-0x0000000040004000) (148MB)",
  "efi: mem11: [Reserved           |   |  |  |  |   |WB|WT|WC|UC] range=[0x0000000040004000-0x0000000040005000) (0MB)",
  "efi: mem12: [Conventional Memory|   |  |  |  |   |WB|WT|WC|UC] range=[0x0000000040005000-0x0000000095d21000) (1373MB)",
  "efi: mem13: [Loader Data        |   |  |  |  |   |WB|WT|WC|UC] range=[0x0000000095d21000-0x00000000c7e11000) (800MB)",
  "efi: mem14: [Loader Code        |   |  |  |  |   |WB|WT|WC|UC] range=[0x00000000c7e11000-0x00000000c7f34000) (1MB)",
  "efi: mem15: [Conventional Memory|   |  |  |  |   |WB|WT|WC|UC] range=[0x00000000c7f34000-0x00000000c7f82000) (0MB)",
  "efi: mem16: [Loader Data        |   |  |  |  |   |WB|WT|WC|UC] range=[0x00000000c7f82000-0x00000000c806c000) (0MB)",
  "efi: mem17: [Boot Data          |   |  |  |  |   |WB|WT|WC|UC] range=[0x00000000c806c000-0x00000000c8085000) (0MB)",
  "efi: mem18: [Conventional Memory|   |  |  |  |   |WB|WT|WC|UC] range=[0x00000000c8085000-0x00000000c808e000) (0MB)",
  "efi: mem19: [Boot Data          |   |  |  |  |   |WB|WT|WC|UC] range=[0x00000000c808e000-0x00000000c8244000) (1MB)",
  "efi: mem20: [Conventional Memory|   |  |  |  |   |WB|WT|WC|UC] range=[0x00000000c8244000-0x00000000c824b000) (0MB)",
  "efi: mem21: [Boot Data          |   |  |  |  |   |WB|WT|WC|UC] range=[0x00000000c824b000-0x00000000c8312000) (0MB)",
  "efi: mem22: [Loader Data        |   |  |  |  |   |WB|WT|WC|UC] range=[0x00000000c8312000-0x00000000c8314000) (0MB)",
  "efi: mem23: [Boot Data          |   |  |  |  |   |WB|WT|WC|UC] range=[0x00000000c8314000-0x00000000c909e000) (13MB)",
  "efi: mem24: [Conventional Memory|   |  |  |  |   |WB|WT|WC|UC] range=[0x00000000c909e000-0x00000000c972e000) (6MB)",
  "efi: mem25: [Loader Data        |   |  |  |  |   |WB|WT|WC|UC] range=[0x00000000c972e000-0x00000000c973a000) (0MB)",
  "efi: mem26: [Boot Code          |   |  |  |  |   |WB|WT|WC|UC] range=[0x00000000c973a000-0x00000000c9747000) (0MB)",
  "efi: mem27: [ACPI Memory NVS    |   |  |  |  |   |WB|WT|WC|UC] range=[0x00000000c9747000-0x00000000c9d48000) (6MB)",
  "efi: mem28: [Runtime Code       |RUN|  |  |  |   |WB|WT|WC|UC] range=[0x00000000c9d48000-0x00000000c9d4b000) (0MB)",
  "efi: mem29: [Boot Code          |   |  |  |  |   |WB|WT|WC|UC] range=[0x00000000c9d4b000-0x00000000c9d61000) (0MB)",
  "efi: mem30: [Runtime Code       |RUN|  |  |  |   |WB|WT|WC|UC] range=[0x00000000c9d61000-0x00000000c9d67000) (0MB)",
  "efi: mem31: [Boot Code          |   |  |  |  |   |WB|WT|WC|UC] range=[0x00000000c9d67000-0x00000000c9d69000) (0MB)",
  "efi: mem32: [Runtime Code       |RUN|  |  |  |   |WB|WT|WC|UC] range=[0x00000000c9d69000-0x00000000c9d73000) (0MB)",
  "efi: mem33: [Boot Code          |   |  |  |  |   |WB|WT|WC|UC] range=[0x00000000c9d73000-0x00000000c9f07000) (1MB)",
  "efi: mem34: [Runtime Code       |RUN|  |  |  |   |WB|WT|WC|UC] range=[0x00000000c9f07000-0x00000000c9f0b000) (0MB)",
  "efi: mem35: [Boot Code          |   |  |  |  |   |WB|WT|WC|UC] range=[0x00000000c9f0b000-0x00000000c9f54000) (0MB)",
  "efi: mem36: [Runtime Code       |RUN|  |  |  |   |WB|WT|WC|UC] range=[0x00000000c9f54000-0x00000000c9f5b000) (0MB)",
  "efi: mem37: [Runtime Data       |RUN|  |  |  |   |WB|WT|WC|UC] range=[0x00000000c9f5b000-0x00000000c9f68000) (0MB)",
  "efi: mem38: [Runtime Code       |RUN|  |  |  |   |WB|WT|WC|UC] range=[0x00000000c9f68000-0x00000000c9f7a000) (0MB)",
  "efi: mem39: [Boot Code          |   |  |  |  |   |WB|WT|WC|UC] range=[0x00000000c9f7a000-0x00000000c9f7d000) (0MB)",
  "efi: mem40: [Runtime Code       |RUN|  |  |  |   |WB|WT|WC|UC] range=[0x00000000c9f7d000-0x00000000c9f7f000) (0MB)",
  "efi: mem41: [Boot Code          |   |  |  |  |   |WB|WT|WC|UC] range=[0x00000000c9f7f000-0x00000000c9f96000) (0MB)",
  "efi: mem42: [Runtime Code       |RUN|  |  |  |   |WB|WT|WC|UC] range=[0x00000000c9f96000-0x00000000c9f9c000) (0MB)",
  "efi: mem43: [Boot Code          |   |  |  |  |   |WB|WT|WC|UC] range=[0x00000000c9f9c000-0x00000000c9fa4000) (0MB)",
  "efi: mem44: [Runtime Code       |RUN|  |  |  |   |WB|WT|WC|UC] range=[0x00000000c9fa4000-0x00000000c9fa5000) (0MB)",
  "efi: mem45: [Boot Code          |   |  |  |  |   |WB|WT|WC|UC] range=[0x00000000c9fa5000-0x00000000c9fb4000) (0MB)",
  "efi: mem46: [Runtime Code       |RUN|  |  |  |   |WB|WT|WC|UC] range=[0x00000000c9fb4000-0x00000000c9fb5000) (0MB)",
  "efi: mem47: [Boot Code          |   |  |  |  |   |WB|WT|WC|UC] range=[0x00000000c9fb5000-0x00000000c9fc0000) (0MB)",
  "efi: mem48: [Runtime Code       |RUN|  |  |  |   |WB|WT|WC|UC] range=[0x00000000c9fc0000-0x00000000c9fc5000) (0MB)",
  "efi: mem49: [Boot Code          |   |  |  |  |   |WB|WT|WC|UC] range=[0x00000000c9fc5000-0x00000000c9ff1000) (0MB)",
  "efi: mem50: [Runtime Code       |RUN|  |  |  |   |WB|WT|WC|UC] range=[0x00000000c9ff1000-0x00000000c9ff2000) (0MB)",
  "efi: mem51: [Boot Code          |   |  |  |  |   |WB|WT|WC|UC] range=[0x00000000c9ff2000-0x00000000ca002000) (0MB)",
  "efi: mem52: [Runtime Code       |RUN|  |  |  |   |WB|WT|WC|UC] range=[0x00000000ca002000-0x00000000ca029000) (0MB)",
  "efi: mem53: [Boot Code          |   |  |  |  |   |WB|WT|WC|UC] range=[0x00000000ca029000-0x00000000ca03d000) (0MB)",
  "efi: mem54: [Runtime Code       |RUN|  |  |  |   |WB|WT|WC|UC] range=[0x00000000ca03d000-0x00000000ca03e000) (0MB)",
  "efi: mem55: [Boot Code          |   |  |  |  |   |WB|WT|WC|UC] range=[0x00000000ca03e000-0x00000000ca03f000) (0MB)",
  "efi: mem56: [Runtime Code       |RUN|  |  |  |   |WB|WT|WC|UC] range=[0x00000000ca03f000-0x00000000ca041000) (0MB)",
  "efi: mem57: [Boot Code          |   |  |  |  |   |WB|WT|WC|UC] range=[0x00000000ca041000-0x00000000ca042000) (0MB)",
  "efi: mem58: [Runtime Code       |RUN|  |  |  |   |WB|WT|WC|UC] range=[0x00000000ca042000-0x00000000ca047000) (0MB)",
  "efi: mem59: [Boot Code          |   |  |  |  |   |WB|WT|WC|UC] range=[0x00000000ca047000-0x00000000ca05e000) (0MB)",
  "efi: mem60: [Runtime Data       |RUN|  |  |  |   |WB|WT|WC|UC] range=[0x00000000ca05e000-0x00000000ca0be000) (0MB)",
  "efi: mem61: [Runtime Code       |RUN|  |  |  |   |WB|WT|WC|UC] range=[0x00000000ca0be000-0x00000000ca0d8000) (0MB)",
  "efi: mem62: [Runtime Data       |RUN|  |  |  |   |WB|WT|WC|UC] range=[0x00000000ca0d8000-0x00000000ca0dc000) (0MB)",
  "efi: mem63: [Runtime Data       |RUN|  |  |  |   |WB|WT|WC|UC] range=[0x00000000ca0dc000-0x00000000ca102000) (0MB)",
  "efi: mem64: [Reserved           |   |  |  |  |   |WB|WT|WC|UC] range=[0x00000000ca102000-0x00000000ca47a000) (3MB)",
  "efi: mem65: [Reserved           |   |  |  |  |   |WB|WT|WC|UC] range=[0x00000000ca47a000-0x00000000ca602000) (1MB)",
  "efi: mem66: [ACPI Memory NVS    |   |  |  |  |   |WB|WT|WC|UC] range=[0x00000000ca602000-0x00000000ca6b2000) (0MB)",
  "efi: mem67: [ACPI Memory NVS    |   |  |  |  |   |WB|WT|WC|UC] range=[0x00000000ca6b2000-0x00000000ca86a000) (1MB)",
  "efi: mem68: [ACPI Memory NVS    |   |  |  |  |   |WB|WT|WC|UC] range=[0x00000000ca86a000-0x00000000ca86c000) (0MB)",
  "efi: mem69: [ACPI Memory NVS    |   |  |  |  |   |WB|WT|WC|UC] range=[0x00000000ca86c000-0x00000000ca882000) (0MB)",
  "efi: mem70: [ACPI Reclaim Memory|   |  |  |  |   |WB|WT|WC|UC] range=[0x00000000ca882000-0x00000000ca887000) (0MB)",
  "efi: mem71: [Boot Data          |   |  |  |  |   |WB|WT|WC|UC] range=[0x00000000ca887000-0x00000000ca888000) (0MB)",
  "efi: mem72: [ACPI Memory NVS    |   |  |  |  |   |WB|WT|WC|UC] range=[0x00000000ca888000-0x00000000ca8cb000) (0MB)",
  "efi: mem73: [Boot Data          |   |  |  |  |   |WB|WT|WC|UC] range=[0x00000000ca8cb000-0x00000000caa17000) (1MB)",
  "efi: mem74: [Boot Code          |   |  |  |  |   |WB|WT|WC|UC] range=[0x00000000caa17000-0x00000000cacaf000) (2MB)",
  "efi: mem75: [Boot Data          |   |  |  |  |   |WB|WT|WC|UC] range=[0x00000000cacaf000-0x00000000cacbf000) (0MB)",
  "efi: mem76: [Boot Code          |   |  |  |  |   |WB|WT|WC|UC] range=[0x00000000cacbf000-0x00000000cacd1000) (0MB)",
  "efi: mem77: [Boot Data          |   |  |  |  |   |WB|WT|WC|UC] range=[0x00000000cacd1000-0x00000000cacd8000) (0MB)",
  "efi: mem78: [Runtime Data       |RUN|  |  |  |   |WB|WT|WC|UC] range=[0x00000000cacd8000-0x00000000caff4000) (3MB)",
  "efi: mem79: [Boot Data          |   |  |  |  |   |WB|WT|WC|UC] range=[0x00000000caff4000-0x00000000cb000000) (0MB)",
  "efi: mem80: [Conventional Memory|   |  |  |  |   |WB|WT|WC|UC] range=[0x0000000100000000-0x000000042f200000) (13042MB)",
  "efi: mem81: [Reserved           |RUN|  |  |  |   |  |  |  |  ] range=[0x00000000cbc00000-0x00000000cfe00000) (66MB)",
  "efi: mem82: [Memory Mapped I/O  |RUN|  |  |  |   |  |  |  |UC] range=[0x00000000f8000000-0x00000000fc000000) (64MB)",
  "efi: mem83: [Memory Mapped I/O  |RUN|  |  |  |   |  |  |  |UC] range=[0x00000000fec00000-0x00000000fec01000) (0MB)",
  "efi: mem84: [Memory Mapped I/O  |RUN|  |  |  |   |  |  |  |UC] range=[0x00000000fed00000-0x00000000fed04000) (0MB)",
  "efi: mem85: [Memory Mapped I/O  |RUN|  |  |  |   |  |  |  |UC] range=[0x00000000fed1c000-0x00000000fed20000) (0MB)",
  "efi: mem86: [Memory Mapped I/O  |RUN|  |  |  |   |  |  |  |UC] range=[0x00000000fee00000-0x00000000fee01000) (0MB)",
  "efi: mem87: [Memory Mapped I/O  |RUN|  |  |  |   |  |  |  |UC] range=[0x00000000ff000000-0x0000000100000000) (16MB)",
  "SMBIOS 2.7 present.",
  "DMI: ASUSTeK COMPUTER INC. N56VZ/N56VZ, BIOS N56VZ.217 05/22/2013",
  "e820: update [mem 0x00000000-0x00000fff] usable ==> reserved",
  "e820: remove [mem 0x000a0000-0x000fffff] usable",
  "AGP: No AGP bridge found",
  "e820: last_pfn = 0x42f200 max_arch_pfn = 0x400000000",
  "MTRR default type: uncachable",
  "MTRR fixed ranges enabled:",
  "  00000-9FFFF write-back",
  "  A0000-DFFFF uncachable",
  "  E0000-FFFFF write-protect",
  "MTRR variable ranges enabled:",
  "  0 base 000000000 mask C00000000 write-back",
  "  1 base 400000000 mask FE0000000 write-back",
  "  2 base 420000000 mask FF0000000 write-back",
  "  3 base 0E0000000 mask FE0000000 uncachable",
  "  4 base 0D0000000 mask FF0000000 uncachable",
  "  5 base 0CC000000 mask FFC000000 uncachable",
  "  6 base 0CBC00000 mask FFFC00000 uncachable",
  "  7 base 42F800000 mask FFF800000 uncachable",
  "  8 base 42F400000 mask FFFC00000 uncachable",
  "  9 base 42F200000 mask FFFE00000 uncachable",
  "PAT configuration [0-7]: WB  WC  UC- UC  WB  WC  UC- UC  ",
  "original variable MTRRs",
  " gran_size: 512K 	chunk_size: 512K 	num_reg: 10  	lose cover RAM: 242M",
  " gran_size: 512K 	chunk_size: 1M 	num_reg: 10  	lose cover RAM: 242M",
  " gran_size: 512K 	chunk_size: 2M 	num_reg: 10  	lose cover RAM: 242M",
  " gran_size: 512K 	chunk_size: 4M 	num_reg: 10  	lose cover RAM: 242M",
  " gran_size: 512K 	chunk_size: 8M 	num_reg: 10  	lose cover RAM: 50M",
  "*BAD*gran_size: 512K 	chunk_size: 16M 	num_reg: 10  	lose cover RAM: -12M",
  "*BAD*gran_size: 512K 	chunk_size: 32M 	num_reg: 10  	lose cover RAM: -12M",
  "*BAD*gran_size: 512K 	chunk_size: 64M 	num_reg: 10  	lose cover RAM: -12M",
  "*BAD*gran_size: 512K 	chunk_size: 128M 	num_reg: 10  	lose cover RAM: -12M",
  "*BAD*gran_size: 512K 	chunk_size: 256M 	num_reg: 10  	lose cover RAM: -12M",
  "*BAD*gran_size: 512K 	chunk_size: 512M 	num_reg: 10  	lose cover RAM: -268M",
  "*BAD*gran_size: 512K 	chunk_size: 1G 	num_reg: 10  	lose cover RAM: -264M",
  "*BAD*gran_size: 512K 	chunk_size: 2G 	num_reg: 10  	lose cover RAM: -1288M",
  " gran_size: 1M 	chunk_size: 1M 	num_reg: 10  	lose cover RAM: 242M",
  " gran_size: 1M 	chunk_size: 2M 	num_reg: 10  	lose cover RAM: 242M",
  " gran_size: 1M 	chunk_size: 4M 	num_reg: 10  	lose cover RAM: 242M",
  " gran_size: 1M 	chunk_size: 8M 	num_reg: 10  	lose cover RAM: 50M",
  "*BAD*gran_size: 1M 	chunk_size: 16M 	num_reg: 10  	lose cover RAM: -12M",
  "*BAD*gran_size: 1M 	chunk_size: 32M 	num_reg: 10  	lose cover RAM: -12M",
  "mtrr_cleanup: can not find optimal value",
  "please specify mtrr_gran_size/mtrr_chunk_size",
  "e820: update [mem 0xcbc00000-0xffffffff] usable ==> reserved",
  "e820: last_pfn = 0xcb000 max_arch_pfn = 0x400000000",
  "Scanning 1 areas for low memory corruption",
  "Base memory trampoline at [ffff880000098000] 98000 size 24576",
  " [mem 0x100000000-0x3ffffffff] page 2M",
  "RAMDISK: [mem 0x357f2000-0x36bf0fff]",
  "ACPI: Early table checksum verification disabled",
  "ACPI: BGRT 0x00000000CA868060 000038 (v00 _ASUS_ Notebook 01072009 ASUS 00010013)",
  "ACPI: MSDM 0x00000000CA601E18 000055 (v03 _ASUS_ Notebook 00000000 ASUS 00000001)",
  "ACPI: Local APIC address 0xfee00000",
  "No NUMA configuration found",
  "Faking a node at [mem 0x0000000000000000-0x000000042f1fffff]",
  "NODE_DATA(0) allocated [mem 0x42f1e6000-0x42f1eafff]",
  " [ffffea0000000000-ffffea0010bfffff] PMD -> [ffff88041e800000-ffff88042e7fffff] on node 0",
  "Zone ranges:",
  "  DMA      [mem 0x00001000-0x00ffffff]",
  "  DMA32    [mem 0x01000000-0xffffffff]",
  "  Normal   [mem 0x100000000-0x42f1fffff]",
  "Movable zone start for each node",
  "Early memory node ranges",
  "  node   0: [mem 0xcaff4000-0xcaffffff]",
  "  node   0: [mem 0x100000000-0x42f1fffff]",
  "Initmem setup node 0 [mem 0x00001000-0x42f1fffff]",
  "On node 0 totalpages: 4165015",
  "  DMA zone: 64 pages used for memmap",
  "  DMA zone: 24 pages reserved",
  "  DMA zone: 3997 pages, LIFO batch:0",
  "  DMA32 zone: 12848 pages used for memmap",
  "  DMA32 zone: 822266 pages, LIFO batch:31",
  "  Normal zone: 52168 pages used for memmap",
  "  Normal zone: 3338752 pages, LIFO batch:31",
  "Reserving Intel graphics stolen memory at 0xcbe00000-0xcfdfffff",
  "ACPI: PM-Timer IO Port: 0x408",
  "ACPI: Local APIC address 0xfee00000",
  "ACPI: LAPIC (acpi_id[0x01] lapic_id[0x00] enabled)",
  "ACPI: LAPIC (acpi_id[0x02] lapic_id[0x02] enabled)",
  "ACPI: LAPIC (acpi_id[0x03] lapic_id[0x04] enabled)",
  "ACPI: LAPIC (acpi_id[0x04] lapic_id[0x06] enabled)",
  "ACPI: LAPIC (acpi_id[0x05] lapic_id[0x01] enabled)",
  "ACPI: LAPIC (acpi_id[0x06] lapic_id[0x03] enabled)",
  "ACPI: LAPIC (acpi_id[0x07] lapic_id[0x05] enabled)",
  "ACPI: LAPIC (acpi_id[0x08] lapic_id[0x07] enabled)",
  "ACPI: LAPIC_NMI (acpi_id[0xff] high edge lint[0x1])",
  "ACPI: IOAPIC (id[0x02] address[0xfec00000] gsi_base[0])",
  "IOAPIC[0]: apic_id 2, version 32, address 0xfec00000, GSI 0-23",
  "ACPI: INT_SRC_OVR (bus 0 bus_irq 0 global_irq 2 dfl dfl)",
  "ACPI: INT_SRC_OVR (bus 0 bus_irq 9 global_irq 9 high level)",
  "ACPI: IRQ0 used by override.",
  "ACPI: IRQ9 used by override.",
  "Using ACPI (MADT) for SMP configuration information",
  "ACPI: HPET id: 0x8086a701 base: 0xfed00000",
  "smpboot: Allowing 8 CPUs, 0 hotplug CPUs",
  "PM: Registered nosave memory: [mem 0xfee01000-0xfeffffff]",
  "PM: Registered nosave memory: [mem 0xff000000-0xffffffff]",
  "e820: [mem 0xcfe00000-0xf7ffffff] available for PCI devices",
  "Booting paravirtualized kernel on bare hardware",
  "setup_percpu: NR_CPUS:256 nr_cpumask_bits:256 nr_cpu_ids:8 nr_node_ids:1",
  "PERCPU: Embedded 31 pages/cpu @ffff88042ee00000 s87040 r8192 d31744 u262144",
  "pcpu-alloc: s87040 r8192 d31744 u262144 alloc=1*2097152",
  "pcpu-alloc: [0] 0 1 2 3 4 5 6 7 ",
  "Built 1 zonelists in Node order, mobility grouping on.  Total pages: 4099911",
  "Policy zone: Normal",
  "Kernel command line: BOOT_IMAGE=/vmlinuz-3.19.0-21-generic.efi.signed root=UUID=14ac372e-6980-4fe8-b247-fae92d54b0c5 ro quiet splash acpi_enforce_resources=lax intel_pstate=enable rcutree.rcu_idle_gp_delay=1 nouveau.runpm=0 vt.handoff=7",
  "PID hash table entries: 4096 (order: 3, 32768 bytes)",
  "xsave: enabled xstate_bv 0x7, cntxt size 0x340 using standard form",
  "AGP: Checking aperture...",
  "AGP: No AGP bridge found",
  "Calgary: detecting Calgary via BIOS EBDA area",
  "Calgary: Unable to locate Rio Grande table in EBDA - bailing!",
  "Memory: 16270208K/16660060K available (8000K kernel code, 1232K rwdata, 3752K rodata, 1408K init, 1300K bss, 389852K reserved, 0K cma-reserved)",
  "SLUB: HWalign=64, Order=0-3, MinObjects=0, CPUs=8, Nodes=1",
  "Hierarchical RCU implementation.",
  "	RCU dyntick-idle grace-period acceleration is enabled.",
  "	RCU restricting CPUs from NR_CPUS=256 to nr_cpu_ids=8.",
  "RCU: Adjusting geometry for rcu_fanout_leaf=16, nr_cpu_ids=8",
  "NR_IRQS:16640 nr_irqs:488 16",
  "	Offload RCU callbacks from all CPUs",
  "	Offload RCU callbacks from CPUs: 0-7.",
  "vt handoff: transparent VT on vt#7",
  "Console: colour dummy device 80x25",
  "console [tty0] enabled",
  "hpet clockevent registered",
  "tsc: Fast TSC calibration using PIT",
  "tsc: Detected 2394.543 MHz processor",
  "Calibrating delay loop (skipped), value calculated using timer frequency.. 4789.08 BogoMIPS (lpj=9578172)",
  "pid_max: default: 32768 minimum: 301",
  "ACPI: Core revision 20141107",
  "ACPI: All ACPI Tables successfully acquired",
  "Security Framework initialized",
  "AppArmor: AppArmor initialized",
  "Yama: becoming mindful.",
  "Dentry cache hash table entries: 2097152 (order: 12, 16777216 bytes)",
  "Inode-cache hash table entries: 1048576 (order: 11, 8388608 bytes)",
  "Mount-cache hash table entries: 32768 (order: 6, 262144 bytes)",
  "Mountpoint-cache hash table entries: 32768 (order: 6, 262144 bytes)",
  "Initializing cgroup subsys memory",
  "Initializing cgroup subsys devices",
  "Initializing cgroup subsys freezer",
  "Initializing cgroup subsys net_cls",
  "Initializing cgroup subsys blkio",
  "Initializing cgroup subsys perf_event",
  "Initializing cgroup subsys net_prio",
  "Initializing cgroup subsys hugetlb",
  "CPU: Physical Processor ID: 0",
  "CPU: Processor Core ID: 0",
  "ENERGY_PERF_BIAS: Set to 'normal', was 'performance'",
  "ENERGY_PERF_BIAS: View and update with x86_energy_perf_policy(8)",
  "mce: CPU supports 9 MCE banks",
  "CPU0: Thermal monitoring enabled (TM1)",
  "process: using mwait in idle threads",
  "Last level iTLB entries: 4KB 512, 2MB 8, 4MB 8",
  "Last level dTLB entries: 4KB 512, 2MB 32, 4MB 32, 1GB 0",
  "Freeing SMP alternatives memory: 32K (ffffffff81e96000 - ffffffff81e9e000)",
  "Ignoring BGRT: invalid status 0 (expected 1)",
  "ftrace: allocating 30086 entries in 118 pages",
  "..TIMER: vector=0x30 apic1=0 pin1=2 apic2=-1 pin2=-1",
  "smpboot: CPU0: Intel(R) Core(TM) i7-3630QM CPU @ 2.40GHz (fam: 06, model: 3a, stepping: 09)",
  "TSC deadline timer enabled",
  "Performance Events: PEBS fmt1+, 16-deep LBR, IvyBridge events, full-width counters, Intel PMU driver.",
  "... version:                3",
  "... bit width:              48",
  "... generic registers:      4",
  "... value mask:             0000ffffffffffff",
  "... max period:             0000ffffffffffff",
  "... fixed-purpose events:   3",
  "... event mask:             000000070000000f",
  "x86: Booting SMP configuration:",
  ".... node  #0, CPUs:      #1",
  "CPU1 microcode updated early to revision 0x1b, date = 2014-05-29",
  "NMI watchdog: enabled on all CPUs, permanently consumes one hw-PMU counter.",
  " #2",
  "CPU2 microcode updated early to revision 0x1b, date = 2014-05-29",
  " #3",
  "CPU3 microcode updated early to revision 0x1b, date = 2014-05-29",
  " #4 #5 #6 #7",
  "x86: Booted up 1 node, 8 CPUs",
  "smpboot: Total of 8 processors activated (38312.68 BogoMIPS)",
  "devtmpfs: initialized",
  "evm: security.selinux",
  "evm: security.SMACK64",
  "evm: security.SMACK64EXEC",
  "evm: security.SMACK64TRANSMUTE",
  "evm: security.SMACK64MMAP",
  "evm: security.ima",
  "evm: security.capability",
  "PM: Registering ACPI NVS region [mem 0xc9747000-0xc9d47fff] (6295552 bytes)",
  "PM: Registering ACPI NVS region [mem 0xca602000-0xca881fff] (2621440 bytes)",
  "PM: Registering ACPI NVS region [mem 0xca888000-0xca8cafff] (274432 bytes)",
  "pinctrl core: initialized pinctrl subsystem",
  "RTC time:  5:41:44, date: 07/10/15",
  "NET: Registered protocol family 16",
  "cpuidle: using governor ladder",
  "cpuidle: using governor menu",
  "ACPI FADT declares the system doesn't support PCIe ASPM, so disable it",
  "ACPI: bus type PCI registered",
  "acpiphp: ACPI Hot Plug PCI Controller Driver version: 0.5",
  "PCI: MMCONFIG for domain 0000 [bus 00-3f] at [mem 0xf8000000-0xfbffffff] (base 0xf8000000)",
  "PCI: MMCONFIG at [mem 0xf8000000-0xfbffffff] reserved in E820",
  "PCI: Using configuration type 1 for base access",
  "ACPI: Added _OSI(Module Device)",
  "ACPI: Added _OSI(Processor Device)",
  "ACPI: Added _OSI(3.0 _SCP Extensions)",
  "ACPI: Added _OSI(Processor Aggregator Device)",
  "ACPI : EC: EC description table is found, configuring boot EC",
  "ACPI: Executed 1 blocks of module-level executable AML code",
  "[Firmware Bug]: ACPI: BIOS _OSI(Linux) query ignored",
  "ACPI: Dynamic OEM Table Load:",
  "ACPI: SSDT 0xFFFF88041C049000 000853 (v01 PmRef  Cpu0Cst  00003001 INTL 20051117)",
  "ACPI: Dynamic OEM Table Load:",
  "ACPI: SSDT 0xFFFF88041C7D4C00 000303 (v01 PmRef  ApIst    00003000 INTL 20051117)",
  "ACPI: Dynamic OEM Table Load:",
  "ACPI: SSDT 0xFFFF88041C7DB200 000119 (v01 PmRef  ApCst    00003000 INTL 20051117)",
  "ACPI: Interpreter enabled",
  "ACPI: (supports S0 S3 S4 S5)",
  "ACPI: Using IOAPIC for interrupt routing",
  'PCI: Using host bridge windows from ACPI; if necessary, use "pci=nocrs" and report a bug',
  "ACPI: PCI Root Bridge [PCI0] (domain 0000 [bus 00-3e])",
  "acpi PNP0A08:00: _OSC: OS supports [ExtendedConfig ASPM ClockPM Segments MSI]",
  "acpi PNP0A08:00: _OSC: platform does not support [PCIeHotplug PME]",
  "acpi PNP0A08:00: _OSC: OS now controls [AER PCIeCapability]",
  "acpi PNP0A08:00: FADT indicates ASPM is unsupported, using BIOS configuration",
  "PCI host bridge to bus 0000:00",
  "pci_bus 0000:00: root bus resource [bus 00-3e]",
  "pci_bus 0000:00: root bus resource [io  0x0000-0x0cf7]",
  "pci_bus 0000:00: root bus resource [io  0x0d00-0xffff]",
  "pci_bus 0000:00: root bus resource [mem 0x000a0000-0x000bffff]",
  "pci_bus 0000:00: root bus resource [mem 0x000c0000-0x000c3fff]",
  "pci_bus 0000:00: root bus resource [mem 0x000d8000-0x000dbfff]",
  "pci_bus 0000:00: root bus resource [mem 0x000dc000-0x000dffff]",
  "pci_bus 0000:00: root bus resource [mem 0xcfe00000-0xfeafffff]",
  "pci 0000:00:00.0: [8086:0154] type 00 class 0x060000",
  "pci 0000:00:01.0: [8086:0151] type 01 class 0x060400",
  "pci 0000:00:01.0: PME# supported from D0 D3hot D3cold",
  "pci 0000:00:01.0: System wakeup disabled by ACPI",
  "pci 0000:00:02.0: [8086:0166] type 00 class 0x030000",
  "pci 0000:00:02.0: reg 0x10: [mem 0xf7400000-0xf77fffff 64bit]",
  "pci 0000:00:02.0: reg 0x18: [mem 0xd0000000-0xdfffffff 64bit pref]",
  "pci 0000:00:02.0: reg 0x20: [io  0xf000-0xf03f]",
  "pci 0000:00:1f.2: [8086:1e03] type 00 class 0x010601",
  "pci 0000:00:1f.2: reg 0x10: [io  0xf0b0-0xf0b7]",
  "pci 0000:00:1f.2: reg 0x14: [io  0xf0a0-0xf0a3]",
  "pci 0000:00:1f.2: reg 0x18: [io  0xf090-0xf097]",
  "pci 0000:00:1f.2: reg 0x1c: [io  0xf080-0xf083]",
  "pci 0000:00:1f.2: reg 0x20: [io  0xf060-0xf07f]",
  "pci 0000:00:1f.2: reg 0x24: [mem 0xf7a16000-0xf7a167ff]",
  "pci 0000:00:1f.2: PME# supported from D3hot",
  "pci 0000:00:1f.3: [8086:1e22] type 00 class 0x0c0500",
  "pci 0000:00:1f.3: reg 0x10: [mem 0xf7a15000-0xf7a150ff 64bit]",
  "pci 0000:00:1f.3: reg 0x20: [io  0xf040-0xf05f]",
  "pci 0000:01:00.0: [10de:0fd1] type 00 class 0x030000",
  "pci 0000:01:00.0: reg 0x10: [mem 0xf6000000-0xf6ffffff]",
  "pci 0000:01:00.0: reg 0x14: [mem 0xe0000000-0xefffffff 64bit pref]",
  "pci 0000:01:00.0: reg 0x1c: [mem 0xf0000000-0xf1ffffff 64bit pref]",
  "pci 0000:01:00.0: reg 0x24: [io  0xe000-0xe07f]",
  "pci 0000:01:00.0: reg 0x30: [mem 0xf7000000-0xf707ffff pref]",
  "pci 0000:00:01.0: PCI bridge to [bus 01]",
  "pci 0000:00:01.0:   bridge window [io  0xe000-0xefff]",
  "pci 0000:00:01.0:   bridge window [mem 0xf6000000-0xf70fffff]",
  "pci 0000:00:01.0:   bridge window [mem 0xe0000000-0xf1ffffff 64bit pref]",
  "pci 0000:00:1c.0: PCI bridge to [bus 02]",
  "pci 0000:03:00.0: [8086:0887] type 00 class 0x028000",
  "pci 0000:03:00.0: reg 0x10: [mem 0xf7900000-0xf7901fff 64bit]",
  "pci 0000:03:00.0: PME# supported from D0 D3hot D3cold",
  "pci 0000:03:00.0: System wakeup disabled by ACPI",
  "pci 0000:00:1c.1: PCI bridge to [bus 03]",
  "pci 0000:00:1c.1:   bridge window [mem 0xf7900000-0xf79fffff]",
  "pci 0000:04:00.0: [1969:1091] type 00 class 0x020000",
  "pci 0000:04:00.0: reg 0x10: [mem 0xf7800000-0xf783ffff 64bit]",
  "pci 0000:04:00.0: reg 0x18: [io  0xd000-0xd07f]",
  "pci 0000:04:00.0: PME# supported from D0 D1 D2 D3hot D3cold",
  "pci 0000:04:00.0: System wakeup disabled by ACPI",
  "pci 0000:00:1c.3: PCI bridge to [bus 04]",
  "pci 0000:00:1c.3:   bridge window [io  0xd000-0xdfff]",
  "pci 0000:00:1c.3:   bridge window [mem 0xf7800000-0xf78fffff]",
  "ACPI: PCI Interrupt Link [LNKA] (IRQs 3 4 5 6 7 10 11 12) *0, disabled.",
  "ACPI: PCI Interrupt Link [LNKB] (IRQs 3 4 5 6 7 10 12) *0, disabled.",
  "ACPI: PCI Interrupt Link [LNKC] (IRQs 3 4 5 6 7 10 12) *0, disabled.",
  "ACPI: PCI Interrupt Link [LNKD] (IRQs 3 4 5 6 7 10 12) *0, disabled.",
  "ACPI: PCI Interrupt Link [LNKE] (IRQs 3 4 5 6 7 10 12) *0, disabled.",
  "ACPI: PCI Interrupt Link [LNKF] (IRQs 3 4 5 6 7 10 12) *0, disabled.",
  "ACPI: PCI Interrupt Link [LNKG] (IRQs 3 4 5 6 7 10 12) *0, disabled.",
  "ACPI: PCI Interrupt Link [LNKH] (IRQs 3 4 5 6 7 10 12) *0, disabled.",
  "ACPI: Enabled 4 GPEs in block 00 to 3F",
  "ACPI : EC: GPE = 0x19, I/O: command/status = 0x66, data = 0x62",
  "vgaarb: setting as boot device: PCI:0000:00:02.0",
  "vgaarb: device added: PCI:0000:00:02.0,decodes=io+mem,owns=io+mem,locks=none",
  "vgaarb: device added: PCI:0000:01:00.0,decodes=io+mem,owns=none,locks=none",
  "vgaarb: loaded",
  "vgaarb: bridge control possible 0000:01:00.0",
  "vgaarb: no bridge control possible 0000:00:02.0",
  "SCSI subsystem initialized",
  "libata version 3.00 loaded.",
  "ACPI: bus type USB registered",
  "usbcore: registered new interface driver usbfs",
  "usbcore: registered new interface driver hub",
  "usbcore: registered new device driver usb",
  "PCI: Using ACPI for IRQ routing",
  "PCI: pci_cache_line_size set to 64 bytes",
  "e820: reserve RAM buffer [mem 0x0009e000-0x0009ffff]",
  "e820: reserve RAM buffer [mem 0x40004000-0x43ffffff]",
  "e820: reserve RAM buffer [mem 0xc9747000-0xcbffffff]",
  "e820: reserve RAM buffer [mem 0xc9d61000-0xcbffffff]",
  "e820: reserve RAM buffer [mem 0xc9d69000-0xcbffffff]",
  "e820: reserve RAM buffer [mem 0xc9f07000-0xcbffffff]",
  "e820: reserve RAM buffer [mem 0xc9f54000-0xcbffffff]",
  "e820: reserve RAM buffer [mem 0xc9f7d000-0xcbffffff]",
  "e820: reserve RAM buffer [mem 0xc9f96000-0xcbffffff]",
  "e820: reserve RAM buffer [mem 0xc9fa4000-0xcbffffff]",
  "e820: reserve RAM buffer [mem 0xc9fb4000-0xcbffffff]",
  "wlan0: associated",
  "vboxdrv: Found 8 processor cores.",
  "vboxdrv: fAsync=0 offMin=0x165 offMax=0x24ab",
  "vboxdrv: TSC mode is 'synchronous', kernel timer mode is 'normal'.",
  "vboxdrv: Successfully loaded version 4.3.26_Ubuntu (interface 0x001a000a).",
  "vboxpci: IOMMU not found (not registered)",
  "ip_tables: (C) 2000-2006 Netfilter Core Team",
  "ip6_tables: (C) 2000-2006 Netfilter Core Team",
  "Ebtables v2.0 registered",
  "bridge: automatic filtering via arp/ip/ip6tables has been deprecated. Update your scripts to load br_netfilter if you need this.",
  "device virbr0-nic entered promiscuous mode",
  "nf_conntrack version 0.5.0 (16384 buckets, 65536 max)",
  "virbr0: port 1(virbr0-nic) entered listening state",
  "virbr0: port 1(virbr0-nic) entered listening state",
  "virbr0: port 1(virbr0-nic) entered disabled state",
  "Initialising...",
  "",
];
